// Jest Snapshot v1, https://goo.gl/fbAQLP

exports[`Navbar snapshot renders 1`] = `
<div
  className="collapse navbar-collapse"
  id="navbarSupportedContent"
>
  <ul
    className="navbar-nav ms-auto mb-2 mb-lg-0"
  >
    <li
      className="nav-item"
    >
      <a
        className="nav-link active"
        href="/login"
        onClick={[Function]}
      >
        Login
      </a>
    </li>
    <li
      className="nav-item"
    >
      <a
        className="nav-link active"
        href="/register"
        onClick={[Function]}
      >
        Register
      </a>
    </li>
  </ul>
</div>
`;
